// Jest Snapshot v1, https://goo.gl/fbAQLP

exports[`Test View: Home.vue debe de renderizar el componente correctamente 1`] = `<div class="home"><img alt="Vue logo"><button class="btn btn-primary">Primary</button><button class="btn btn-secondary">Secondary</button><button class="btn btn-success">Success</button></div>`;
