// Jest Snapshot v1, https://goo.gl/fbAQLP

exports[`Indecision Component debe de hacer march con el snapshot 1`] = `
<!--v-if-->
<div class="bg-dark"></div>
<div class="indecision-container"><input placeholder="Hazme una pregunta?" type="text">
  <p>Recuerda terminar con un signo de interrogaci√≥n (?)</p>
  <div>
    <h2></h2>
    <!--v-if-->
  </div>
</div>
`;
