// Jest Snapshot v1, https://goo.gl/fbAQLP

exports[`Test View: EntryView.vue debe de mostrar la entrada correcta 1`] = `
<div class="entry-title d-flex justify-content-between p-2">
  <div><span class="text-success fs-5 fw-bold">23</span><span class="mx-1 fs-5">Julio</span><span class="mx-2 fw-light">2021, Viernes</span></div>
  <div><input accept="image/png, image/jpeg" type="file" style="display: none;"><button class="btn btn-danger mx-2"> Borrar <em class="fa fa-trash-alt"></em></button><button class="btn btn-primary mx-2"> Subir foto <em class="fa fa-upload"></em></button></div>
</div>
<hr>
<div class="d-flex flex-column px-3 h-75"><textarea placeholder="Que sucediÃ³ hoy?"></textarea></div>
<!--v-if-->
<!--v-if-->
<fab-stub icon="fa-save"></fab-stub>
`;
