// Jest Snapshot v1, https://goo.gl/fbAQLP

exports[`PokemonPage.spec.js page component debe de hacer match con el snapshot 1`] = `
<h1>Espere por favor....</h1>
<!--v-if-->
`;

exports[`PokemonPage.spec.js page component debe de hacer match con el snapshot cuando cargan los pokemons 1`] = `
<h1>Quien es este pokemon?</h1>
<div class="pokemon-container"><img src="https://raw.githubusercontent.com/PokeAPI/sprites/master/sprites/pokemon/other/dream-world/5.svg" alt="Un pokemon :D" class="hidden-pokemon">
  <!--v-if-->
</div>
<div class="options-container">
  <ul>
    <li>pickachu</li>
    <li>charmander</li>
    <li>venusaur</li>
    <li>charmander</li>
  </ul>
</div>
<!--v-if-->
`;
